[{"ID":"step0","Cmd":["echo","-n","-e","Hello, CWL !\nHello World !\n"],"Cwd":".","TmpPrefix":"/tmp","Env":null,"StdInPath":"","StdOutPath":"response.txt","StdErrPath":""}]